﻿[dotenv@17.3.1] injecting env (3) from .env -- tip: ≡ƒ¢í∩╕Å auth for agents: https://vestauth.com
≡ƒöä Connecting to Database...
Γ£à Connected.

≡ƒôª Created Test Data:
- Item ID: 69be908a244cf4819c27a62b (Status: open)
- Pending Claim ID: 69be908a244cf4819c27a62d by Finder Test Finder

≡ƒÜÇ Triggering 'approveClaim' Controller as Owner...

≡ƒô¼ Controller Response (Status 200):
{
  "success": true,
  "message": "Claim approved successfully and chat automatically created",
  "data": {
    "_id": "69be908a244cf4819c27a62d",
    "itemId": {
      "_id": "69be908a244cf4819c27a62b",
      "title": "Lost Wallet Test",
      "description": "A black wallet",
      "category": "accessories",
      "type": "found",
      "location": "Library",
      "date": "2026-03-21T12:35:22.503Z",
      "images": [],
      "reportedBy": "69be9089244cf4819c27a625",
      "status": "claimed",
      "isReturned": false,
      "pointsAwarded": 0,
      "createdAt": "2026-03-21T12:35:22.505Z",
      "updatedAt": "2026-03-21T12:35:23.344Z",
      "__v": 0,
      "claimedBy": "69be908a244cf4819c27a628"
    },
    "claimantId": "69be908a244cf4819c27a628",
    "itemType": "found",
    "status": "approved",
    "message": "I think this is my wallet!",
    "proofDetails": "test_image.jpg",
    "adminNotes": "",
    "createdAt": "2026-03-21T12:35:22.620Z",
    "updatedAt": "2026-03-21T12:35:23.137Z",
    "__v": 0
  },
  "chatDetails": {
    "chatId": "69be908b244cf4819c27a63a",
    "claimId": "69be908a244cf4819c27a62d",
    "itemId": "69be908a244cf4819c27a62b",
    "itemType": "found",
    "otherUserId": "69be908a244cf4819c27a628"
  }
}

≡ƒöÄ Verifying Chat Collection in Database...
Γ£à Chat successfully found in DB!
   Participants: Test Owner and Test Finder
   Item ID: 69be908a244cf4819c27a62b
Γ£à Automated System Message found: "Γ£à Claim approved! You can now coordinate returning the item here."

≡ƒº╣ Test clean up complete.
